[manual-cua] === launch + align (token=cua-manual-1783341324 capture=failures) ===
[manual-cua] screenshot output/cua-integration-1783341324/screenshots/00-launch.png
[manual-cua] === tab navigation (optional) ===
[manual-cua] PASS step 1 click 'Meet' @ 639.0 824.5
[manual-cua] PASS step 2 click 'Circles' @ 769.75 824.38623046875
[manual-cua] PASS step 3 click 'Communities' @ 899.75 824.5
[manual-cua] PASS step 4 click 'Profile' @ 1029.5 824.5
[manual-cua] === onboarding ===
[manual-cua] PASS step 5 click 'Profile' @ 1029.0 824.5
[manual-cua] PASS step 6 click 'Start profile setup' @ 359.5 394.0
[manual-cua] PASS step 7 type 'What should we call you?' (verified)
[manual-cua] PASS step 8 type 'Where are you based?' (verified)
[manual-cua] SKIP interest chips (defaults Jazz+Books already selected)
[manual-cua] PASS step 9 click 'Continue' @ 823.0 761.0
[manual-cua] PASS basics saved + integrated (name, city, interests on API)
[manual-cua] === voice reflection ===
[manual-cua] PASS step 10 click 'Voice profile step' @ 354.5 383.5
[manual-cua] PASS step 11 type 'Your answer' (verified)
[manual-cua] PASS step 12 click 'Next prompt' @ 670.0 1009.0
[manual-cua] PASS step 13 type 'Your answer' (verified)
[manual-cua] PASS step 14 click 'Next prompt' @ 736.0 1009.0
[manual-cua] PASS step 15 type 'Your answer' (verified)
[manual-cua] PASS step 16 click 'Save voice profile' @ 751.5 1009.0
[manual-cua] PASS voice profile created placement on API
[manual-cua] === post-onboarding tabs ===
[manual-cua] PASS step 17 click 'Circles' @ 769.75 824.38623046875
[manual-cua] PASS step 18 click 'Communities' @ 899.75 824.5
[manual-cua] PASS step 19 click 'Meet' @ 639.75 824.5
[manual-cua] PASS step 20 click 'Profile' @ 1029.5 824.5
[manual-cua] PASS placement on API before sign-out
[manual-cua] === sign out ===
[manual-cua] PASS step 21 click 'Settings' @ 1391.0 145.0
[manual-cua] PASS step 22 click 'Log out' @ 329.99999618530273 659.0
[manual-cua] PASS step 23 click 'Sign out' @ 893.0 515.0
[manual-cua] screenshot output/cua-integration-1783341324/screenshots/99-signed-out.png
[manual-cua] === re-auth + delete account ===
[manual-cua] PASS step 24 click 'Profile' @ 1029.5 824.5
[manual-cua] PASS step 25 click 'Settings' @ 1391.0 145.0
[manual-cua] PASS step 26 click 'Delete account' @ 350.99999618530273 695.5
[manual-cua] screenshot output/cua-integration-1783341324/screenshots/99-deleted.png
[manual-cua] === API / UI checks ===
[manual-cua] PASS welcome screen after delete
[manual-cua] PASS account deleted on API (profile 404)
[manual-cua] === SUMMARY pass=31 fail=0 token=cua-manual-1783341324 shots=output/cua-integration-1783341324/screenshots capture=failures ===
