[manual-cua] === launch + align (token=cua-manual-1783341096 capture=failures) ===
[manual-cua] screenshot output/cua-integration-1783341096/screenshots/00-launch.png
[manual-cua] === tab navigation (optional) ===
[manual-cua] PASS step 1 click 'Meet' @ 485.0 824.5
[manual-cua] PASS step 2 click 'Circles' @ 615.75 824.38623046875
[manual-cua] PASS step 3 click 'Communities' @ 745.75 824.5
[manual-cua] PASS step 4 click 'Profile' @ 875.5 824.5
[manual-cua] === onboarding ===
[manual-cua] PASS step 5 click 'Profile' @ 875.0 824.5
[manual-cua] PASS step 6 click 'Start profile setup' @ 205.5 394.0
[manual-cua] PASS step 7 type 'What should we call you?' (verified)
[manual-cua] PASS step 8 type 'Where are you based?' (verified)
[manual-cua] SKIP interest chips (defaults Jazz+Books already selected)
[manual-cua] PASS step 9 click 'Continue' @ 669.0 761.0
[manual-cua] PASS basics saved + integrated (name, city, interests on API)
[manual-cua] === voice reflection ===
[manual-cua] PASS step 10 click 'Voice profile step' @ 200.5 383.5
[manual-cua] PASS step 11 type 'Your answer' (verified)
[manual-cua] PASS step 12 click 'Next prompt' @ 516.0 1009.0
[manual-cua] PASS step 13 type 'Your answer' (verified)
[manual-cua] PASS step 14 click 'Next prompt' @ 582.0 1009.0
[manual-cua] PASS step 15 type 'Your answer' (verified)
[manual-cua] PASS step 16 click 'Save voice profile' @ 597.5 1009.0
[manual-cua] FAIL placement missing after voice profile save
[manual-cua] screenshot output/cua-integration-1783341096/screenshots/placement-missing.png
[manual-cua] === post-onboarding tabs ===
[manual-cua] === API / UI checks ===
[manual-cua] === SUMMARY pass=17 fail=1 token=cua-manual-1783341096 shots=output/cua-integration-1783341096/screenshots capture=failures ===
