[manual-cua] === launch + align (token=cua-manual-1783342711 capture=failures) ===
[manual-cua] screenshot output/cua-greeting2-1783342711/screenshots/00-launch.png
[manual-cua] === onboarding ===
[manual-cua] PASS step 1 click 'Profile' @ 875.5 824.5
[manual-cua] PASS step 2 click 'Start profile setup' @ 205.5 394.0
[manual-cua] PASS step 3 type 'What should we call you?' (verified)
[manual-cua] PASS step 4 type 'Where are you based?' (verified)
[manual-cua] SKIP interest chips (defaults Jazz+Books already selected)
[manual-cua] PASS step 5 click 'Continue' @ 669.0 761.0
[manual-cua] PASS basics saved + integrated (name, city, interests on API)
[manual-cua] === voice reflection ===
[manual-cua] PASS step 6 type 'Your answer' (verified)
[manual-cua] PASS step 7 click 'Next prompt' @ 516.0 1009.0
[manual-cua] PASS step 8 type 'Your answer' (verified)
[manual-cua] PASS step 9 click 'Next prompt' @ 582.0 1009.0
[manual-cua] PASS step 10 type 'Your answer' (verified)
[manual-cua] PASS step 11 click 'Save voice profile' @ 597.5 1009.0
[manual-cua] PASS voice profile created placement on API
[manual-cua] === post-onboarding tabs ===
[manual-cua] PASS step 12 click 'Circles' @ 615.75 824.38623046875
[manual-cua] PASS step 13 click 'Communities' @ 745.75 824.5
[manual-cua] PASS step 14 click 'Meet' @ 485.75 824.5
[manual-cua] PASS meet greeting uses saved profile name (CUA Tester)
[manual-cua] PASS step 15 click 'Profile' @ 875.5 824.5
[manual-cua] PASS profile tab shows saved display name
[manual-cua] PASS placement on API before sign-out
[manual-cua] === sign out ===
[manual-cua] PASS step 16 click 'Settings' @ 1237.0 145.0
[manual-cua] PASS step 17 click 'Log out' @ 175.99999618530273 659.0
[manual-cua] PASS step 18 click 'Sign out' @ 739.0 515.0
[manual-cua] screenshot output/cua-greeting2-1783342711/screenshots/99-signed-out.png
[manual-cua] === re-auth + delete account ===
[manual-cua] PASS step 19 click 'Profile' @ 875.5 824.5
[manual-cua] PASS step 20 click 'Settings' @ 1237.0 145.0
[manual-cua] PASS step 21 click 'Delete account' @ 196.99999618530273 695.5
[manual-cua] screenshot output/cua-greeting2-1783342711/screenshots/99-deleted.png
[manual-cua] === API / UI checks ===
[manual-cua] PASS welcome screen after delete
[manual-cua] PASS account deleted on API (profile 404)
[manual-cua] === SUMMARY pass=28 fail=0 token=cua-manual-1783342711 shots=output/cua-greeting2-1783342711/screenshots capture=failures ===
